{
  "deprioritized_gas_estimate": 100,
  "gas_estimate": 200,
  "prioritized_gas_estimate": 300
}
